// Jest Snapshot v1, https://goo.gl/fbAQLP

exports[`MainPage should render without crashing 1`] = `
ShallowWrapper {
  Symbol(enzyme.__root__): [Circular],
  Symbol(enzyme.__unrendered__): <Connect(MainPage)
    archiveHours={[MockFunction]}
    chart={
      Object {
        "data": Object {},
        "loading": false,
        "type": "daily",
      }
    }
    getDailyChart={[MockFunction]}
    logHours={[MockFunction]}
    logoutUser={[MockFunction]}
    resetTimer={[MockFunction]}
    startTimer={[MockFunction]}
    stopTimer={[MockFunction]}
    timer={
      Object {
        "archived": false,
        "dateToday": "",
        "disabled": Object {
          "log": "false",
          "reset": "false",
          "start": "false",
          "stop": "false",
        },
        "forceLog": false,
        "hoursToday": 0,
        "startTime": 0,
      }
    }
    updateTimer={[MockFunction]}
    updateTodaysData={[MockFunction]}
  />,
  Symbol(enzyme.__renderer__): Object {
    "batchedUpdates": [Function],
    "checkPropTypes": [Function],
    "getNode": [Function],
    "render": [Function],
    "simulateError": [Function],
    "simulateEvent": [Function],
    "unmount": [Function],
  },
  Symbol(enzyme.__node__): Object {
    "instance": null,
    "key": undefined,
    "nodeType": "function",
    "props": Object {
      "children": [Function],
    },
    "ref": null,
    "rendered": [Function],
    "type": Object {
      "$$typeof": Symbol(react.context),
      "_calculateChangedBits": null,
      "_context": Object {
        "$$typeof": Symbol(react.context),
        "Consumer": [Circular],
        "Provider": Object {
          "$$typeof": Symbol(react.provider),
          "_context": [Circular],
        },
        "_calculateChangedBits": null,
        "_currentRenderer": null,
        "_currentRenderer2": null,
        "_currentValue": null,
        "_currentValue2": null,
        "_threadCount": 0,
      },
    },
  },
  Symbol(enzyme.__nodes__): Array [
    Object {
      "instance": null,
      "key": undefined,
      "nodeType": "function",
      "props": Object {
        "children": [Function],
      },
      "ref": null,
      "rendered": [Function],
      "type": Object {
        "$$typeof": Symbol(react.context),
        "_calculateChangedBits": null,
        "_context": Object {
          "$$typeof": Symbol(react.context),
          "Consumer": [Circular],
          "Provider": Object {
            "$$typeof": Symbol(react.provider),
            "_context": [Circular],
          },
          "_calculateChangedBits": null,
          "_currentRenderer": null,
          "_currentRenderer2": null,
          "_currentValue": null,
          "_currentValue2": null,
          "_threadCount": 0,
        },
      },
    },
  ],
  Symbol(enzyme.__options__): Object {
    "adapter": ReactSixteenAdapter {
      "options": Object {
        "enableComponentDidUpdateOnSetState": true,
        "legacyContextMode": "parent",
        "lifecycles": Object {
          "componentDidUpdate": Object {
            "onSetState": true,
          },
          "getChildContext": Object {
            "calledByRenderer": false,
          },
          "getDerivedStateFromError": true,
          "getDerivedStateFromProps": Object {
            "hasShouldComponentUpdateBug": false,
          },
          "getSnapshotBeforeUpdate": true,
          "setState": Object {
            "skipsComponentDidUpdateOnNullish": true,
          },
        },
      },
    },
    Symbol(enzyme.__providerValues__): undefined,
  },
  Symbol(enzyme.__providerValues__): Map {},
  Symbol(enzyme.__childContext__): null,
}
`;
