// Jest Snapshot v1, https://goo.gl/fbAQLP

exports[`expect to render ShowHours component 1`] = `
ShallowWrapper {
  Symbol(enzyme.__root__): [Circular],
  Symbol(enzyme.__unrendered__): <ShowHours
    color="red"
    name="Today"
    time={3600}
  />,
  Symbol(enzyme.__renderer__): Object {
    "batchedUpdates": [Function],
    "getNode": [Function],
    "render": [Function],
    "simulateError": [Function],
    "simulateEvent": [Function],
    "unmount": [Function],
  },
  Symbol(enzyme.__node__): Object {
    "instance": null,
    "key": undefined,
    "nodeType": "host",
    "props": Object {
      "children": Array [
        <h3>
          Hours 
          Today
        </h3>,
        <div
          className="progress-container"
        >
          <div
            className="progress-bar"
            style={
              Object {
                "backgroundColor": "red",
                "width": "12.5%",
              }
            }
          >
            01:00:00
          </div>
        </div>,
      ],
      "className": "today",
    },
    "ref": null,
    "rendered": Array [
      Object {
        "instance": null,
        "key": undefined,
        "nodeType": "host",
        "props": Object {
          "children": Array [
            "Hours ",
            "Today",
          ],
        },
        "ref": null,
        "rendered": Array [
          "Hours ",
          "Today",
        ],
        "type": "h3",
      },
      Object {
        "instance": null,
        "key": undefined,
        "nodeType": "host",
        "props": Object {
          "children": <div
            className="progress-bar"
            style={
              Object {
                "backgroundColor": "red",
                "width": "12.5%",
              }
            }
          >
            01:00:00
          </div>,
          "className": "progress-container",
        },
        "ref": null,
        "rendered": Object {
          "instance": null,
          "key": undefined,
          "nodeType": "host",
          "props": Object {
            "children": "01:00:00",
            "className": "progress-bar",
            "style": Object {
              "backgroundColor": "red",
              "width": "12.5%",
            },
          },
          "ref": null,
          "rendered": "01:00:00",
          "type": "div",
        },
        "type": "div",
      },
    ],
    "type": "div",
  },
  Symbol(enzyme.__nodes__): Array [
    Object {
      "instance": null,
      "key": undefined,
      "nodeType": "host",
      "props": Object {
        "children": Array [
          <h3>
            Hours 
            Today
          </h3>,
          <div
            className="progress-container"
          >
            <div
              className="progress-bar"
              style={
                Object {
                  "backgroundColor": "red",
                  "width": "12.5%",
                }
              }
            >
              01:00:00
            </div>
          </div>,
        ],
        "className": "today",
      },
      "ref": null,
      "rendered": Array [
        Object {
          "instance": null,
          "key": undefined,
          "nodeType": "host",
          "props": Object {
            "children": Array [
              "Hours ",
              "Today",
            ],
          },
          "ref": null,
          "rendered": Array [
            "Hours ",
            "Today",
          ],
          "type": "h3",
        },
        Object {
          "instance": null,
          "key": undefined,
          "nodeType": "host",
          "props": Object {
            "children": <div
              className="progress-bar"
              style={
                Object {
                  "backgroundColor": "red",
                  "width": "12.5%",
                }
              }
            >
              01:00:00
            </div>,
            "className": "progress-container",
          },
          "ref": null,
          "rendered": Object {
            "instance": null,
            "key": undefined,
            "nodeType": "host",
            "props": Object {
              "children": "01:00:00",
              "className": "progress-bar",
              "style": Object {
                "backgroundColor": "red",
                "width": "12.5%",
              },
            },
            "ref": null,
            "rendered": "01:00:00",
            "type": "div",
          },
          "type": "div",
        },
      ],
      "type": "div",
    },
  ],
  Symbol(enzyme.__options__): Object {
    "adapter": ReactSixteenAdapter {
      "options": Object {
        "enableComponentDidUpdateOnSetState": true,
        "lifecycles": Object {
          "componentDidUpdate": Object {
            "onSetState": true,
          },
          "getDerivedStateFromProps": true,
          "getSnapshotBeforeUpdate": true,
          "setState": Object {
            "skipsComponentDidUpdateOnNullish": true,
          },
        },
      },
    },
  },
}
`;
